$ docker run --rm --network df-run-45692e8c47fb4a3b8af59cba3ec935d1 -v /Users/chris/Projects/dark-factory-wearedevs:/work:ro -v /private/tmp/tablekeeper-stage4-fd8492d-20261003-verifier/harness-run-final2:/out -e PYTHONDONTWRITEBYTECODE=1 -e PYTEST_DISABLE_PLUGIN_AUTOLOAD=1 -e COLUMNS=200 -w /work df-harness-runner python -m pytest tablekeeper/test/stage_2 --base-url http://df-svc-691a318ee54a:8080 -p harness.plugin --rootdir tablekeeper/test -q --previous-base-url http://df-svc-6f675b96a393:8080 --harness-summary /out/stage-2.counts.json

F........................                                                                                                                                                                        [100%]
=============================================================================================== FAILURES ===============================================================================================
_________________________________________________________________________ test_routes_are_directly_navigable[/-search-button] __________________________________________________________________________

seeded = {'users': [{'id': 'u_ada', 'email': 'ada@example.com', 'password': 'correct horse', 'display_name': 'Ada'}, {'id': 'u_...s': [{'id': 'r_anker', 'name': 'Zum Anker', 'timezone': 'Europe/Berlin', 'slot_minutes': 30, ...}], 'reservations': []}
page = <Page url='http://df-svc-691a318ee54a:8080/'>, route = '/', anchor = 'search-button'

    @pytest.mark.parametrize("route,anchor", [
        ("/", "search-button"), ("/signup", "signup-submit"),
        ("/login", "login-submit"), ("/lookup", "lookup-submit"),
    ])
    def test_routes_are_directly_navigable(seeded, page, route, anchor):
>       page.goto(route)

tablekeeper/test/stage_2/test_sample.py:50: 
_ _ _ _ _ _ _ _ _ _ _ _ _ _ _ _ _ _ _ _ _ _ _ _ _ _ _ _ _ _ _ _ _ _ _ _ _ _ _ _ _ _ _ _ _ _ _ _ _ _ _ _ _ _ _ _ _ _ _ _ _ _ _ _ _ _ _ _ _ _ _ _ _ _ _ _ _ _ _ _ _ _ _ _ _ _ _ _ _ _ _ _ _ _ _ _ _ _ _ _ 
/usr/local/lib/python3.12/site-packages/playwright/sync_api/_generated.py:9903: in goto
    self._sync(
/usr/local/lib/python3.12/site-packages/playwright/_impl/_page.py:562: in goto
    return await self._main_frame.goto(**locals_to_params(locals()))
           ^^^^^^^^^^^^^^^^^^^^^^^^^^^^^^^^^^^^^^^^^^^^^^^^^^^^^^^^^
/usr/local/lib/python3.12/site-packages/playwright/_impl/_frame.py:157: in goto
    await self._channel.send(
/usr/local/lib/python3.12/site-packages/playwright/_impl/_connection.py:76: in send
    return await self._connection.wrap_api_call(
_ _ _ _ _ _ _ _ _ _ _ _ _ _ _ _ _ _ _ _ _ _ _ _ _ _ _ _ _ _ _ _ _ _ _ _ _ _ _ _ _ _ _ _ _ _ _ _ _ _ _ _ _ _ _ _ _ _ _ _ _ _ _ _ _ _ _ _ _ _ _ _ _ _ _ _ _ _ _ _ _ _ _ _ _ _ _ _ _ _ _ _ _ _ _ _ _ _ _ _ 

self = <playwright._impl._connection.Connection object at 0x7f1e1daf78c0>, cb = <function Channel.send.<locals>.<lambda> at 0x7f1e1d903600>, is_internal = False, title = None

    async def wrap_api_call(
        self, cb: Callable[[], Any], is_internal: bool = False, title: str = None
    ) -> Any:
        if self._api_zone.get():
            return await cb()
        task = asyncio.current_task(self._loop)
        parsed_st = _attach_api_call_information(
            getattr(task, "__pw_stack__", None) or _capture_stack_trace(),
            is_internal,
            title,
        )
        self._api_zone.set(parsed_st)
        try:
            return await cb()
        except Exception as error:
>           raise rewrite_error(error, f"{parsed_st['apiName']}: {error}") from None
E           playwright._impl._errors.TimeoutError: Page.goto: Timeout 10000ms exceeded.
E           Call log:
E             - navigating to "http://df-svc-691a318ee54a:8080/", waiting until "load"

/usr/local/lib/python3.12/site-packages/playwright/_impl/_connection.py:632: TimeoutError
=========================================================================================== warnings summary ===========================================================================================
../usr/local/lib/python3.12/site-packages/_pytest/cacheprovider.py:469
  /usr/local/lib/python3.12/site-packages/_pytest/cacheprovider.py:469: PytestCacheWarning: cache could not write path /work/tablekeeper/test/.pytest_cache/v/cache/nodeids: [Errno 30] Read-only file system: '/work/tablekeeper/test/.pytest_cache/v/cache/nodeids'
    config.cache.set("cache/nodeids", sorted(self.cached_nodeids))

../usr/local/lib/python3.12/site-packages/_pytest/cacheprovider.py:423
  /usr/local/lib/python3.12/site-packages/_pytest/cacheprovider.py:423: PytestCacheWarning: cache could not write path /work/tablekeeper/test/.pytest_cache/v/cache/lastfailed: [Errno 30] Read-only file system: '/work/tablekeeper/test/.pytest_cache/v/cache/lastfailed'
    config.cache.set("cache/lastfailed", self.lastfailed)

-- Docs: https://docs.pytest.org/en/stable/how-to/capture-warnings.html
======================================================================================= short test summary info ========================================================================================
FAILED tablekeeper/test/stage_2/test_sample.py::test_routes_are_directly_navigable[/-search-button] - playwright._impl._errors.TimeoutError: Page.goto: Timeout 10000ms exceeded.
1 failed, 24 passed, 2 warnings in 253.06s (0:04:13)

